// Jest Snapshot v1, https://goo.gl/fbAQLP

exports[`Rating 1`] = `
"Snapshot Diff:
- First value
+ Second value

@@ -12,11 +12,11 @@
      style={
        Object {
          \\"marginBottom\\": -28,
          \\"marginTop\\": -28,
          \\"resizeMode\\": \\"contain\\",
-         \\"width\\": 80,
+         \\"width\\": 160,
        }
      }
      testID=\\"rating\\"
    />
  </View>"
`;

exports[`Rating 2`] = `
"Snapshot Diff:
Compared values have no visual difference."
`;
